2023-12-08 13:57:25,653 [INFO]: HTTP Request: GET https://api.openai.com/v1/fine_tuning/jobs/ftjob-AvX8Zfrd9R60R8sNOXwkq7xT "HTTP/1.1 200 OK"
2023-12-08 13:57:25,660 [INFO]: Model ID >>> ft:gpt-3.5-turbo-0613:sien::8TNEyQgX
2023-12-08 13:57:25,660 [INFO]: -------------------------
2023-12-08 13:57:34,111 [INFO]: HTTP Request: POST https://api.openai.com/v1/chat/completions "HTTP/1.1 200 OK"
2023-12-08 13:57:34,116 [INFO]: System >>> 你是一个汉语语法纠错器。
2023-12-08 13:57:34,116 [INFO]: User: 2017年《财富》全球论坛自宣布落户广州以来，《财富》杂志将目光聚焦在广州，以财富为媒，向世界展示一个充满底蕴又创新进取的广州。
2023-12-08 13:57:34,116 [INFO]: GPT: 自2017年《财富》全球论坛宣布落户广州以来，《财富》杂志将目光聚焦在广州，以财富为媒，向世界展示一个充满底蕴又创新进取的广州。
2023-12-08 13:57:34,116 [INFO]: -------------------------
